============================================================
VideoRAG -- Strategy A & B Verification
============================================================

[1] Testing imports...
   [OK] All imports successful

[2] Checking index stats...
   Image index:   10 items
   Caption index: 4 items
   Speech index:  2 items

[3] Testing CLIP frame description...
   Frame: /home/student/data/VideoRAG/data/frames/83b964c5-b7d/frame_000000.jpg
   CLIP desc: Also possibly visible: van, sitting, man, bridge, talking. Human subjects are present in the scene..
   [OK] CLIP description works

[4] Testing Strategy A: Text-to-Video ('Find the blue car')...
   Sources: 4
   Clips: 3
   Match 1: score=0.373, ts=0.0
     Desc (63 chars): a detailed description of this scene showing the text and image...
   Match 2: score=0.373, ts=3.0
     Desc (63 chars): a detailed description of this scene showing the text and image...
   Answer:
Based on the provided caption evidence, I was unable to find a specific mention of a "blue car" in the scene descriptions. The captions provided at timestamps [00:00] and [00:03] have similar scores (0.37) but do not contain information about a blue car. Additionally, the other captions at [00:00] with scores of 0.36 mention the stages of the story and a bus in the center of Barcelona, but do not reference a blue car.

Given the lack of relevant information in the caption evidence, I must conclu
   [OK] Strategy A completed

[5] Testing Strategy B: Image-to-Video (simulated)...
   Sources: 5
   Clips: 2
   Match 1: score=1.000, idx=image
     Desc (68 chars): a detailed description of this scene showing the stages of the story...
   Match 2: score=1.000, idx=image
     Desc (273 chars): a detailed description of this image :s - testimony session. Additionally: this scene shows a brown background with white text that reads witness witn...
   Match 3: score=1.000, idx=image
     Desc (273 chars): a detailed description of this image :s - testimony session. Additionally: this scene shows a brown background with white text that reads witness witn...
   Answer:
Based on the provided frame evidence, the person in question appears to be present in the video. The visual match for the uploaded reference image shows a high similarity score of 95.1% at timestamps [00:00] and [00:01]. This suggests a strong likelihood that the individual is indeed in the video, particularly during the initial seconds. The consistent high score across these timestamps indicates a reliable match. Therefore, with a high degree of confidence, it can be stated that the person is l
   [OK] Strategy B completed

============================================================
Verification complete!
============================================================
